
2026-06-04  v. 1.6
  - Service: "Click Sequence after ClipBoard" is added ;
  - default location of the "Curvature" window: now it is below the main window ;
  - several small fixes in input/output library .

2026-05-24  v. 1.5.1
  - Link to the github( distrib & doc ) is added to the <F1-help>.

2026-05-20  v. 1.5.1
  - fixed cursor lines bug in Curvature window.

2026-05-17  v. 1.5
  - fixed color bug in display Half Foil( HA,HB ) with Template.

2026-05-05  v. 1.4
  - Load Template Foil from ClipBoard or File( without '### Foil[...]', only array of x,y );
  - several small fixes.

2026-05-03  v. 1.3
  - 2D-graphics improovements:
    - Add.graphics can be moved and scaled;
    - several small fixes.

2026-04-21  v. 1.2
  - Curvature window save position and size while update;
  - several small fixes in 2D-graphics.

2026-04-16  v. 1.1
  - "Construct.way: B2 = 2 * Bezier-3" is removed;
  - Curvature gaps removal service: "Smooth Rotation" is added; 
  - Curvature window is not closed wnen "Construct.way" is changed;
  - several small fixes in 2D-graphics.

2026-04-14  v. 1.0
  - initial version. 
    